<html>
<body>
<pre>
<h1>µVision Build Log</h1>
<h2>Tool Versions:</h2>
IDE-Version: µVision V5.31.0.0
Copyright (C) 2020 ARM Ltd and ARM Germany GmbH. All rights reserved.
License Information: Collin Dunkle, IDK, LIC=----
 
Tool Versions:
Toolchain:       MDK-Lite  Version: 5.31.0.0
Toolchain Path:  C:\Keil_v5\ARM\ARMCLANG\Bin
C Compiler:      ArmClang.exe V6.14
Assembler:       Armasm.exe V6.14
Linker/Locator:  ArmLink.exe V6.14
Library Manager: ArmAr.exe V6.14
Hex Converter:   FromElf.exe V6.14
CPU DLL:         SARMCM3.DLL V5.31.0.0
Dialog DLL:      DARMCM1.DLL V1.19.3.0
Target DLL:      UL2CM3.DLL V1.163.4.0
Dialog DLL:      TARMCM1.DLL V1.14.2.0
 
<h2>Project:</h2>
C:\Users\CJ\Desktop\School\CS39\Actual Mean 64 Lab\Mean64.uvprojx
Project File Date:  11/08/2020

<h2>Output:</h2>
*** Using Compiler 'V6.14', folder: 'C:\Keil_v5\ARM\ARMCLANG\Bin'
Build target 'Target 1'
ArrayFile.c(9): warning: implicit conversion changes signedness: 'int' to 'unsigned int' [-Wsign-conversion]
                numbers[i] = i + 1;
                           ~ ~~^~~
ArrayFile.c(2): warning: no previous extern declaration for non-static variable 'mean' [-Wmissing-variable-declarations]
unsigned int mean;
             ^
ArrayFile.c(2): note: declare 'static' if the variable is not intended to be used outside of this translation unit
unsigned int mean;
^
ArrayFile.c(3): warning: no previous extern declaration for non-static variable 'numbers' [-Wmissing-variable-declarations]
unsigned int numbers[64];
             ^
ArrayFile.c(3): note: declare 'static' if the variable is not intended to be used outside of this translation unit
unsigned int numbers[64];
^
3 warnings generated.
compiling ArrayFile.c...
assembling CalcMean.s...
linking...
Program Size: Code=324 RO-data=224 RW-data=4 ZI-data=1288  
".\Objects\Mean64.axf" - 0 Error(s), 3 Warning(s).

<h2>Software Packages used:</h2>

Package Vendor: ARM
                http://www.keil.com/pack/ARM.CMSIS.5.7.0.pack
                ARM.CMSIS.5.7.0
                CMSIS (Cortex Microcontroller Software Interface Standard)
   * Component: CORE Version: 5.4.0
   * Component: Startup Version: 1.2.2

<h2>Collection of Component include folders:</h2>
  .\RTE\_Target_1
  C:\Users\Collin\AppData\Local\Arm\Packs\ARM\CMSIS\5.7.0\CMSIS\Core\Include
  C:\Users\Collin\AppData\Local\Arm\Packs\ARM\CMSIS\5.7.0\Device\ARM\ARMCM0\Include

<h2>Collection of Component Files used:</h2>

   * Component: ARM::CMSIS:CORE:5.4.0

   * Component: ARM::Device:Startup:1.2.2
      Source file:   Device\ARM\ARMCM0\Source\ARM\startup_ARMCM0.s
      Source file:   Device\ARM\ARMCM0\Source\system_ARMCM0.c
      Include file:  Device\ARM\ARMCM0\Include\ARMCM0.h
Build Time Elapsed:  00:00:01
</pre>
</body>
</html>
